[dotenv@17.2.3] injecting env (3) from .env -- tip: ≡ƒ¢á∩╕Å  run anywhere with `dotenvx run -- yourcommand`
Connected to DB
Saving user...
Hashing password...
Password hashed
node : Bcrypt 
error: TypeError: 
next is not a 
function
At line:1 char:1
+ node test_auth.js 
2>&1 | Out-File 
-FilePath 
test_output.txt; 
Get-Cont ...
+ ~~~~~~~~~~~~~~~~~~
~~~~
    + CategoryInfo  
            : NotS  
  pecified: (Bcry   
 pt error: T...     
not a function:    
String) [], Rem    
oteException
    + FullyQualifie 
   dErrorId : Nati  
  veCommandError
 
    at 
model.<anonymous> (C
:\Users\harsh\OneDri
ve\Desktop\7th sem p
roject\Wanderlust-ba
ckend\test_auth.js:2
2:9)
    at async 
Kareem.execPre (C:\U
sers\harsh\OneDrive\
Desktop\7th sem proj
ect\Wanderlust-backe
nd\node_modules\kare
em\index.js:65:24)
    at async 
model.$__save (C:\Us
ers\harsh\OneDrive\D
esktop\7th sem proje
ct\Wanderlust-backen
d\node_modules\mongo
ose\lib\model.js:369
:5)
    at async 
model.save (C:\Users
\harsh\OneDrive\Desk
top\7th sem project\
Wanderlust-backend\n
ode_modules\mongoose
\lib\model.js:609:5)
    at async test (C
:\Users\harsh\OneDri
ve\Desktop\7th sem p
roject\Wanderlust-ba
ckend\test_auth.js:4
4:9)
TEST FAILED: 
TypeError: next is 
not a function
    at 
model.<anonymous> (C
:\Users\harsh\OneDri
ve\Desktop\7th sem p
roject\Wanderlust-ba
ckend\test_auth.js:2
5:9)
    at async 
Kareem.execPre (C:\U
sers\harsh\OneDrive\
Desktop\7th sem proj
ect\Wanderlust-backe
nd\node_modules\kare
em\index.js:65:24)
    at async 
model.$__save (C:\Us
ers\harsh\OneDrive\D
esktop\7th sem proje
ct\Wanderlust-backen
d\node_modules\mongo
ose\lib\model.js:369
:5)
    at async 
model.save (C:\Users
\harsh\OneDrive\Desk
top\7th sem project\
Wanderlust-backend\n
ode_modules\mongoose
\lib\model.js:609:5)
    at async test (C
:\Users\harsh\OneDri
ve\Desktop\7th sem p
roject\Wanderlust-ba
ckend\test_auth.js:4
4:9)
